AR task1 behavioral C:/Users/anduser/Desktop/POCP/control_work1/task1.vhd sub00/vhpl01 1604253762
EN n1 NULL C:/Users/anduser/Desktop/POCP/control_work1/task6.vhd sub00/vhpl14 1604317159
EN andn NULL C:/Users/anduser/Desktop/POCP/control_work1/task5.vhd sub00/vhpl12 1604256417
AR dop_2 str C:/Users/anduser/Desktop/POCP/control_work1/dop_2.vhd sub00/vhpl07 1603537876
EN task1 NULL C:/Users/anduser/Desktop/POCP/control_work1/task1.vhd sub00/vhpl00 1604253761
EN task2 NULL C:/Users/anduser/Desktop/POCP/control_work1/task2.vhd sub00/vhpl02 1604253738
EN task3 NULL C:/Users/anduser/Desktop/POCP/control_work1/task3.vhd sub00/vhpl04 1604328628
EN task4 NULL C:/Users/anduser/Desktop/POCP/control_work1/task4.vhd sub00/vhpl09 1604248648
AR task4 behavioral C:/Users/anduser/Desktop/POCP/control_work1/task4.vhd sub00/vhpl10 1604248649
EN task5 NULL C:/Users/anduser/Desktop/POCP/control_work1/task5.vhd sub00/vhpl11 1604256035
AR task2 behavioral C:/Users/anduser/Desktop/POCP/control_work1/task2.vhd sub00/vhpl03 1604253739
AR andn behavioral C:/Users/anduser/Desktop/POCP/control_work1/task5.vhd sub00/vhpl13 1604256350
EN n1_struct NULL C:/Users/anduser/Desktop/POCP/control_work1/task4.vhd sub00/vhpl16 1604317161
AR n1 behavioral C:/Users/anduser/Desktop/POCP/control_work1/task6.vhd sub00/vhpl15 1604317160
EN and1 NULL C:/Users/anduser/Desktop/POCP/control_work1/dop_2.vhd sub00/vhpl08 1603537877
AR n1_struct structural C:/Users/anduser/Desktop/POCP/control_work1/task4.vhd sub00/vhpl17 1604317162
AR task3 behavioral C:/Users/anduser/Desktop/POCP/control_work1/task3.vhd sub00/vhpl05 1604328629
EN dop_2 NULL C:/Users/anduser/Desktop/POCP/control_work1/dop_2.vhd sub00/vhpl06 1603537875
